
> jivo-mark4-astha@0.1.0 build
> next build --webpack

▲ Next.js 16.3.3 (webpack)
✓ Running next.config.ts took 25ms

  Creating an optimized production build ...
✓ Compiled successfully in 2.6s
  Running TypeScript ...
  Finished TypeScript in 6.3s ...
  Collecting page data using 3 workers ...
  Generating static pages using 3 workers (0/4) ...
  Generating static pages using 3 workers (1/4) 
  Generating static pages using 3 workers (2/4) 
  Generating static pages using 3 workers (3/4) 
✓ Generating static pages using 3 workers (4/4) in 334ms
  Finalizing page optimization ...
  Collecting build traces ...

Route (app)
┌ ○ /
├ ○ /_not-found
├ ƒ /api/model
└ ○ /icon.svg


○  (Static)   prerendered as static content
ƒ  (Dynamic)  server-rendered on demand

