2026-07-25T18:49:40+0530 OK   ✓ logged in as ravinder singh (Employer); token valid 24h0m0s; cached at /Users/damanpreetsingh/Library/Application Support/tankhapay-portal/token.json
2026-07-25T18:50:53+0530 OK   ✓ logged in as ravinder singh (Employer); token valid 24h0m0s; cached at /Users/damanpreetsingh/Library/Application Support/tankhapay-portal/token.json
2026-07-25T18:57:06+0530 SKIP_FRESH age=0s (<10h)
2026-07-25T18:57:06+0530 REFRESH_OK ✓ logged in as ravinder singh (Employer); token valid 24h0m0s; cached at /Users/damanpreetsingh/Library/Application Support/tankhapay-portal/token.json
2026-07-25T18:57:08+0530 REFRESH_FAIL attempt=2 err=error: simulated login failure
2026-07-25T18:57:08+0530 ALERT_SKIPPED (no TG creds in .env)
2026-07-25T18:58:01+0530 SKIP_FRESH age=53s (<10h)
2026-07-25T19:03:01+0530 SKIP_FRESH age=353s (<10h)
2026-07-25T21:10:00+0530 SKIP_FRESH age=7972s (<10h)
2026-07-28T14:06:48+0530 SKIP_FRESH age=1089s (<10h)
2026-07-28T14:39:41+0530 SKIP_FRESH age=3062s (<10h)
2026-07-28T21:10:01+0530 SKIP_FRESH age=26482s (<10h)
2026-07-29T10:02:23+0530 REFRESH_OK ✓ logged in as ravinder singh (Employer); token valid 24h0m0s; cached at /Users/damanpreetsingh/Library/Application Support/tankhapay-portal/token.json
2026-07-29T21:10:04+0530 REFRESH_OK ✓ logged in as ravinder singh (Employer); token valid 24h0m0s; cached at /Users/damanpreetsingh/Library/Application Support/tankhapay-portal/token.json
2026-07-30T09:48:23+0530 REFRESH_OK (retry) ✓ logged in as ravinder singh (Employer); token valid 24h0m0s; cached at /Users/damanpreetsingh/Library/Application Support/tankhapay-portal/token.json
2026-07-30T21:10:03+0530 REFRESH_OK ✓ logged in as ravinder singh (Employer); token valid 24h0m0s; cached at /Users/damanpreetsingh/Library/Application Support/tankhapay-portal/token.json
2026-07-31T09:16:37+0530 REFRESH_OK ✓ logged in as ravinder singh (Employer); token valid 24h0m0s; cached at /Users/damanpreetsingh/Library/Application Support/tankhapay-portal/token.json
2026-07-31T23:57:48+0530 REFRESH_OK (retry) ✓ logged in as ravinder singh (Employer); token valid 24h0m0s; cached at /Users/damanpreetsingh/Library/Application Support/tankhapay-portal/token.json
2026-08-01T10:06:10+0530 REFRESH_OK ✓ logged in as ravinder singh (Employer); token valid 24h0m0s; cached at /Users/damanpreetsingh/Library/Application Support/tankhapay-portal/token.json
2026-08-01T21:10:05+0530 REFRESH_OK ✓ logged in as ravinder singh (Employer); token valid 24h0m0s; cached at /Users/damanpreetsingh/Library/Application Support/tankhapay-portal/token.json
2026-08-02T10:13:58+0530 REFRESH_FAIL attempt=2 err=error: Post "https://business.tankhapay.com/api/login": dial tcp: lookup business.tankhapay.com: i/o timeout
2026-08-02T10:13:58+0530 ALERT_SKIPPED (no TG creds in .env)
2026-08-02T21:18:37+0530 REFRESH_OK ✓ logged in as ravinder singh (Employer); token valid 24h0m0s; cached at /Users/damanpreetsingh/Library/Application Support/tankhapay-portal/token.json
2026-08-03T10:00:35+0530 REFRESH_OK ✓ logged in as ravinder singh (Employer); token valid 24h0m0s; cached at /Users/damanpreetsingh/Library/Application Support/tankhapay-portal/token.json
2026-08-03T21:35:22+0530 REFRESH_OK (retry) ✓ logged in as ravinder singh (Employer); token valid 24h0m0s; cached at /Users/damanpreetsingh/Library/Application Support/tankhapay-portal/token.json
2026-08-04T10:01:29+0530 REFRESH_OK ✓ logged in as ravinder singh (Employer); token valid 24h0m0s; cached at /Users/damanpreetsingh/Library/Application Support/tankhapay-portal/token.json
2026-08-04T21:24:01+0530 REFRESH_OK ✓ logged in as ravinder singh (Employer); token valid 24h0m0s; cached at /Users/damanpreetsingh/Library/Application Support/tankhapay-portal/token.json
2026-08-05T09:31:05+0530 REFRESH_OK ✓ logged in as ravinder singh (Employer); token valid 24h0m0s; cached at /Users/damanpreetsingh/Library/Application Support/tankhapay-portal/token.json
2026-08-05T21:26:32+0530 REFRESH_OK (retry) ✓ logged in as ravinder singh (Employer); token valid 24h0m0s; cached at /Users/damanpreetsingh/Library/Application Support/tankhapay-portal/token.json
2026-08-06T11:21:00+0530 REFRESH_OK (retry) ✓ logged in as ravinder singh (Employer); token valid 24h0m0s; cached at /Users/damanpreetsingh/Library/Application Support/tankhapay-portal/token.json
2026-08-06T22:02:36+0530 REFRESH_OK (retry) ✓ logged in as ravinder singh (Employer); token valid 24h0m0s; cached at /Users/damanpreetsingh/Library/Application Support/tankhapay-portal/token.json
2026-08-07T09:26:50+0530 REFRESH_OK ✓ logged in as ravinder singh (Employer); token valid 24h0m0s; cached at /Users/damanpreetsingh/Library/Application Support/tankhapay-portal/token.json
2026-08-07T21:10:05+0530 REFRESH_OK ✓ logged in as ravinder singh (Employer); token valid 24h0m0s; cached at /Users/damanpreetsingh/Library/Application Support/tankhapay-portal/token.json
2026-08-08T09:11:46+0530 REFRESH_OK ✓ logged in as ravinder singh (Employer); token valid 24h0m0s; cached at /Users/damanpreetsingh/Library/Application Support/tankhapay-portal/token.json
2026-08-08T21:10:34+0530 REFRESH_OK ✓ logged in as ravinder singh (Employer); token valid 24h0m0s; cached at /Users/damanpreetsingh/Library/Application Support/tankhapay-portal/token.json
2026-08-09T09:10:04+0530 REFRESH_OK ✓ logged in as ravinder singh (Employer); token valid 24h0m0s; cached at /Users/damanpreetsingh/Library/Application Support/tankhapay-portal/token.json
2026-08-09T21:10:05+0530 REFRESH_OK ✓ logged in as ravinder singh (Employer); token valid 24h0m0s; cached at /Users/damanpreetsingh/Library/Application Support/tankhapay-portal/token.json
2026-08-10T09:10:01+0530 REFRESH_OK ✓ logged in as ravinder singh (Employer); token valid 24h0m0s; cached at /Users/damanpreetsingh/Library/Application Support/tankhapay-portal/token.json
2026-08-10T21:10:06+0530 REFRESH_OK ✓ logged in as ravinder singh (Employer); token valid 24h0m0s; cached at /Users/damanpreetsingh/Library/Application Support/tankhapay-portal/token.json
2026-08-11T09:40:35+0530 REFRESH_OK ✓ logged in as ravinder singh (Employer); token valid 24h0m0s; cached at /Users/damanpreetsingh/Library/Application Support/tankhapay-portal/token.json
2026-08-11T21:10:02+0530 REFRESH_OK ✓ logged in as ravinder singh (Employer); token valid 24h0m0s; cached at /Users/damanpreetsingh/Library/Application Support/tankhapay-portal/token.json
2026-08-12T10:01:14+0530 REFRESH_OK ✓ logged in as ravinder singh (Employer); token valid 24h0m0s; cached at /Users/damanpreetsingh/Library/Application Support/tankhapay-portal/token.json
2026-08-12T21:10:06+0530 REFRESH_OK ✓ logged in as ravinder singh (Employer); token valid 24h0m0s; cached at /Users/damanpreetsingh/Library/Application Support/tankhapay-portal/token.json
2026-08-13T11:00:06+0530 REFRESH_OK (retry) ✓ logged in as ravinder singh (Employer); token valid 24h0m0s; cached at /Users/damanpreetsingh/Library/Application Support/tankhapay-portal/token.json
2026-08-13T21:10:06+0530 REFRESH_OK ✓ logged in as ravinder singh (Employer); token valid 24h0m0s; cached at /Users/damanpreetsingh/Library/Application Support/tankhapay-portal/token.json
2026-08-14T09:10:02+0530 REFRESH_OK ✓ logged in as ravinder singh (Employer); token valid 24h0m0s; cached at /Users/damanpreetsingh/Library/Application Support/tankhapay-portal/token.json
2026-08-14T21:49:05+0530 REFRESH_OK (retry) ✓ logged in as ravinder singh (Employer); token valid 24h0m0s; cached at /Users/damanpreetsingh/Library/Application Support/tankhapay-portal/token.json
2026-08-15T09:11:02+0530 REFRESH_FAIL attempt=2 err=error: Post "https://business.tankhapay.com/api/login": dial tcp: lookup business.tankhapay.com: no such host
2026-08-15T09:11:02+0530 ALERT_SKIPPED (no TG creds in .env)
2026-08-15T22:36:08+0530 REFRESH_FAIL attempt=2 err=error: Post "https://business.tankhapay.com/api/login": dial tcp: lookup business.tankhapay.com: no such host
2026-08-15T22:36:08+0530 ALERT_SKIPPED (no TG creds in .env)
2026-08-16T10:10:44+0530 STALE age=130899s (>26h) — refreshing now and alerting
2026-08-16T10:10:44+0530 ALERT_SKIPPED (no TG creds in .env)
2026-08-16T15:23:43+0530 REFRESH_FAIL attempt=2 err=error: Post "https://business.tankhapay.com/api/login": dial tcp: lookup business.tankhapay.com: no such host
2026-08-16T15:23:43+0530 ALERT_SKIPPED (no TG creds in .env)
2026-08-16T22:44:32+0530 STALE age=176127s (>26h) — refreshing now and alerting
2026-08-16T22:44:32+0530 ALERT_SKIPPED (no TG creds in .env)
2026-08-16T22:44:33+0530 REFRESH_OK ✓ logged in as ravinder singh (Employer); token valid 24h0m0s; cached at /Users/damanpreetsingh/Library/Application Support/tankhapay-portal/token.json
2026-08-17T09:24:46+0530 REFRESH_OK (retry) ✓ logged in as ravinder singh (Employer); token valid 24h0m0s; cached at /Users/damanpreetsingh/Library/Application Support/tankhapay-portal/token.json
2026-08-17T21:10:03+0530 REFRESH_OK ✓ logged in as ravinder singh (Employer); token valid 24h0m0s; cached at /Users/damanpreetsingh/Library/Application Support/tankhapay-portal/token.json
2026-08-18T09:10:01+0530 SKIP_FRESH age=34015s (<10h)
2026-08-18T21:10:00+0530 REFRESH_OK ✓ logged in as ravinder singh (Employer); token valid 24h0m0s; cached at /Users/damanpreetsingh/Library/Application Support/tankhapay-portal/token.json
2026-08-19T11:15:59+0530 REFRESH_OK (retry) ✓ logged in as ravinder singh (Employer); token valid 24h0m0s; cached at /Users/damanpreetsingh/Library/Application Support/tankhapay-portal/token.json
2026-08-19T21:10:00+0530 SKIP_FRESH age=35641s (<10h)
2026-08-20T09:29:16+0530 REFRESH_OK ✓ logged in as ravinder singh (Employer); token valid 24h0m0s; cached at /Users/damanpreetsingh/Library/Application Support/tankhapay-portal/token.json
2026-08-20T21:10:06+0530 REFRESH_OK ✓ logged in as ravinder singh (Employer); token valid 24h0m0s; cached at /Users/damanpreetsingh/Library/Application Support/tankhapay-portal/token.json
2026-08-21T09:33:10+0530 REFRESH_OK ✓ logged in as ravinder singh (Employer); token valid 24h0m0s; cached at /Users/damanpreetsingh/Library/Application Support/tankhapay-portal/token.json
2026-08-21T21:14:19+0530 REFRESH_OK (retry) ✓ logged in as ravinder singh (Employer); token valid 24h0m0s; cached at /Users/damanpreetsingh/Library/Application Support/tankhapay-portal/token.json
2026-08-22T09:41:29+0530 REFRESH_OK ✓ logged in as ravinder singh (Employer); token valid 24h0m0s; cached at /Users/damanpreetsingh/Library/Application Support/tankhapay-portal/token.json
2026-08-22T21:10:04+0530 REFRESH_OK ✓ logged in as ravinder singh (Employer); token valid 24h0m0s; cached at /Users/damanpreetsingh/Library/Application Support/tankhapay-portal/token.json
2026-08-23T10:31:54+0530 REFRESH_OK ✓ logged in as ravinder singh (Employer); token valid 24h0m0s; cached at /Users/damanpreetsingh/Library/Application Support/tankhapay-portal/token.json
2026-08-23T21:10:06+0530 REFRESH_OK ✓ logged in as ravinder singh (Employer); token valid 24h0m0s; cached at /Users/damanpreetsingh/Library/Application Support/tankhapay-portal/token.json
2026-08-24T10:03:15+0530 REFRESH_OK ✓ logged in as ravinder singh (Employer); token valid 24h0m0s; cached at /Users/damanpreetsingh/Library/Application Support/tankhapay-portal/token.json
2026-08-24T21:10:03+0530 REFRESH_OK ✓ logged in as ravinder singh (Employer); token valid 24h0m0s; cached at /Users/damanpreetsingh/Library/Application Support/tankhapay-portal/token.json
2026-08-25T09:33:10+0530 REFRESH_FAIL attempt=2 err=error: Post "https://business.tankhapay.com/api/login": dial tcp: lookup business.tankhapay.com: no such host
2026-08-25T09:33:10+0530 ALERT_SKIPPED (no TG creds in .env)
2026-08-25T21:23:11+0530 REFRESH_OK (retry) ✓ logged in as ravinder singh (Employer); token valid 24h0m0s; cached at /Users/damanpreetsingh/Library/Application Support/tankhapay-portal/token.json
2026-08-26T09:18:05+0530 REFRESH_OK ✓ logged in as ravinder singh (Employer); token valid 24h0m0s; cached at /Users/damanpreetsingh/Library/Application Support/tankhapay-portal/token.json
2026-08-26T21:10:04+0530 REFRESH_OK ✓ logged in as ravinder singh (Employer); token valid 24h0m0s; cached at /Users/damanpreetsingh/Library/Application Support/tankhapay-portal/token.json
2026-08-27T09:21:59+0530 REFRESH_OK ✓ logged in as ravinder singh (Employer); token valid 24h0m0s; cached at /Users/damanpreetsingh/Library/Application Support/tankhapay-portal/token.json
2026-08-27T21:42:47+0530 REFRESH_OK (retry) ✓ logged in as ravinder singh (Employer); token valid 24h0m0s; cached at /Users/damanpreetsingh/Library/Application Support/tankhapay-portal/token.json
2026-08-28T10:06:10+0530 REFRESH_OK ✓ logged in as ravinder singh (Employer); token valid 24h0m0s; cached at /Users/damanpreetsingh/Library/Application Support/tankhapay-portal/token.json
2026-08-28T18:48:07+0530 SKIP_FRESH age=31317s (<10h)
2026-08-28T21:10:05+0530 REFRESH_OK ✓ logged in as ravinder singh (Employer); token valid 24h0m0s; cached at /Users/damanpreetsingh/Library/Application Support/tankhapay-portal/token.json
2026-08-29T09:17:01+0530 REFRESH_OK ✓ logged in as ravinder singh (Employer); token valid 24h0m0s; cached at /Users/damanpreetsingh/Library/Application Support/tankhapay-portal/token.json
2026-08-29T21:10:07+0530 REFRESH_OK ✓ logged in as ravinder singh (Employer); token valid 24h0m0s; cached at /Users/damanpreetsingh/Library/Application Support/tankhapay-portal/token.json
2026-08-30T09:28:18+0530 REFRESH_OK ✓ logged in as ravinder singh (Employer); token valid 24h0m0s; cached at /Users/damanpreetsingh/Library/Application Support/tankhapay-portal/token.json
2026-08-30T21:10:04+0530 REFRESH_OK ✓ logged in as ravinder singh (Employer); token valid 24h0m0s; cached at /Users/damanpreetsingh/Library/Application Support/tankhapay-portal/token.json
2026-08-31T09:31:14+0530 REFRESH_OK ✓ logged in as ravinder singh (Employer); token valid 24h0m0s; cached at /Users/damanpreetsingh/Library/Application Support/tankhapay-portal/token.json
2026-08-31T21:10:02+0530 REFRESH_OK ✓ logged in as ravinder singh (Employer); token valid 24h0m0s; cached at /Users/damanpreetsingh/Library/Application Support/tankhapay-portal/token.json
2026-09-01T09:31:28+0530 REFRESH_OK ✓ logged in as ravinder singh (Employer); token valid 24h0m0s; cached at /Users/damanpreetsingh/Library/Application Support/tankhapay-portal/token.json
2026-09-01T21:30:06+0530 REFRESH_OK (retry) ✓ logged in as ravinder singh (Employer); token valid 24h0m0s; cached at /Users/damanpreetsingh/Library/Application Support/tankhapay-portal/token.json
2026-09-02T10:05:06+0530 REFRESH_OK ✓ logged in as ravinder singh (Employer); token valid 24h0m0s; cached at /Users/damanpreetsingh/Library/Application Support/tankhapay-portal/token.json
