=== refresh started 2026-08-01 19:51:25 IST ===
connection: direct (office route)
company: JIVO Oil
  oil_stock        4233 rows
  oil_velocity     3213 rows
  oil_history      4213 rows
company: JIVO Mart
  mart_stock       1079 rows
  mart_velocity     887 rows
  mart_history     1002 rows
company: JIVO Beverages
  bev_stock        1769 rows
  bev_velocity      698 rows
  bev_history      1360 rows

== run summary ==
oil   items=1376  value=    565,229,000  physical=    428,487,619  [DEAD=908 HIGH=245 LOW=100 NORMAL=107 OUT=16]
mart  items=247   value=     78,810,609  physical=     73,853,337  [DEAD=129 HIGH=39 LOW=42 NORMAL=20 OUT=17]
bev   items=881   value=    364,143,917  physical=     21,826,899  [DEAD=660 HIGH=138 LOW=33 NORMAL=30 OUT=20]
wrote /Users/damanpreetsingh/jivo-cli/godown-dashboard/site/data.json (771.9 KB)
deployed; logged-out check: HTTP 200
=== refresh done 2026-08-01 19:51:49 IST ===
