
> jivo-mark4-astha@0.1.0 build
> next build

▲ Next.js 16.3.3 (Turbopack)
✓ Running next.config.ts took 43ms

  Creating an optimized production build ...
✓ Compiled successfully in 1880ms
  Running TypeScript ...
  Finished TypeScript in 7.9s ...
  Collecting page data using 3 workers ...
  Generating static pages using 3 workers (0/4) ...
  Generating static pages using 3 workers (1/4) 
  Generating static pages using 3 workers (2/4) 
  Generating static pages using 3 workers (3/4) 
✓ Generating static pages using 3 workers (4/4) in 259ms
  Finalizing page optimization ...

Route (app)
┌ ○ /
├ ○ /_not-found
├ ƒ /api/model
├ ƒ /api/shift-board
└ ○ /icon.svg


○  (Static)   prerendered as static content
ƒ  (Dynamic)  server-rendered on demand

