
> jivo-mark4-astha@0.1.0 test
> node --experimental-strip-types --test tests/*.test.ts

TAP version 13
# (node:2288801) [MODULE_TYPELESS_PACKAGE_JSON] Warning: Module type of file:///root/mark4-astha/live-board-qa/app/tests/acceptance.test.ts is not specified and it doesn't parse as CommonJS.
# Reparsing as ES module because module syntax was detected. This incurs a performance overhead.
# To eliminate this warning, add "type": "module" to /root/mark4-astha/live-board-qa/app/package.json.
# (Use `node --trace-warnings ...` to show where the warning was created)
# Subtest: M1-M3: 3 L plastic supported on heads, never Clear Pack; 15 L tins only Tin Head
ok 1 - M1-M3: 3 L plastic supported on heads, never Clear Pack; 15 L tins only Tin Head
  ---
  duration_ms: 7.883555
  type: 'test'
  ...
# Subtest: M4-M10: preferences retain valid alternatives; yellow/sesame constraints and pouch isolation
ok 2 - M4-M10: preferences retain valid alternatives; yellow/sesame constraints and pouch isolation
  ---
  duration_ms: 0.399295
  type: 'test'
  ...
# Subtest: approved final rates ignore feed overrides and legacy efficiency; unsupported packs stay unavailable
ok 3 - approved final rates ignore feed overrides and legacy efficiency; unsupported packs stay unavailable
  ---
  duration_ms: 46.718856
  type: 'test'
  ...
# Subtest: BOM container overrides erroneous PET sheet; drums excluded without manual runs
ok 4 - BOM container overrides erroneous PET sheet; drums excluded without manual runs
  ---
  duration_ms: 2.44304
  type: 'test'
  ...
# Subtest: 15 L Tin Head uses 600 tins per hour and conserves oil, tins and warehouse space
ok 5 - 15 L Tin Head uses 600 tins per hour and conserves oil, tins and warehouse space
  ---
  duration_ms: 5.447705
  type: 'test'
  ...
# Subtest: night sessions are bounded and selectable; per-line allocated time includes setup
ok 6 - night sessions are bounded and selectable; per-line allocated time includes setup
  ---
  duration_ms: 18.718584
  type: 'test'
  ...
# Subtest: Sunday closes production and target but physical gate departures still occur
ok 7 - Sunday closes production and target but physical gate departures still occur
  ---
  duration_ms: 7.102814
  type: 'test'
  ...
# Subtest: one shared packaging/oil ledger prevents two lines consuming the same units
ok 8 - one shared packaging/oil ledger prevents two lines consuming the same units
  ---
  duration_ms: 24.10624
  type: 'test'
  ...
# Subtest: ready blend and component oil are conserved without double credit
ok 9 - ready blend and component oil are conserved without double credit
  ---
  duration_ms: 12.991364
  type: 'test'
  ...
# Subtest: monthly make target subtracts booked MTD once, keeps PO focus, never subtracts FG twice
ok 10 - monthly make target subtracts booked MTD once, keeps PO focus, never subtracts FG twice
  ---
  duration_ms: 29.698802
  type: 'test'
  ...
# Subtest: partial and absent historical reads remain unknown, never a completed zero
ok 11 - partial and absent historical reads remain unknown, never a completed zero
  ---
  duration_ms: 1.091747
  type: 'test'
  ...
# Subtest: verified 16 to 20 transition preserves bottle demand and consumes replacement carton only
ok 12 - verified 16 to 20 transition preserves bottle demand and consumes replacement carton only
  ---
  duration_ms: 1.120847
  type: 'test'
  ...
# Subtest: unverified 16-piece replacement never silently produces old cartons
ok 13 - unverified 16-piece replacement never silently produces old cartons
  ---
  duration_ms: 0.754572
  type: 'test'
  ...
# Subtest: proposed blanket arrival excluded by default; dated transit and explicit scenario differ
ok 14 - proposed blanket arrival excluded by default; dated transit and explicit scenario differ
  ---
  duration_ms: 7.100365
  type: 'test'
  ...
# Subtest: billing moves unbilled to waiting; gate alone removes physical stock
ok 15 - billing moves unbilled to waiting; gate alone removes physical stock
  ---
  duration_ms: 0.902049
  type: 'test'
  ...
# Subtest: full current seed: nonempty schedule, real source stamps, conservation, no old accuracy or automatic target claims
ok 16 - full current seed: nonempty schedule, real source stamps, conservation, no old accuracy or automatic target claims
  ---
  duration_ms: 10458.58586
  type: 'test'
  ...
# Subtest: a partial carton still consumes one whole physical carton, or stays unscheduled
ok 17 - a partial carton still consumes one whole physical carton, or stays unscheduled
  ---
  duration_ms: 4.687284
  type: 'test'
  ...
# Subtest: bottle with integral handle remains a bottle; carton accessory text cannot decide it
ok 18 - bottle with integral handle remains a bottle; carton accessory text cannot decide it
  ---
  duration_ms: 0.942539
  type: 'test'
  ...
# Subtest: forecast stock made before a future order becomes usable when that order opens
ok 19 - forecast stock made before a future order becomes usable when that order opens
  ---
  duration_ms: 7.857258
  type: 'test'
  ...
# Subtest: current source physical FG total reconciles despite canonical 16/20 merging
ok 20 - current source physical FG total reconciles despite canonical 16/20 merging
  ---
  duration_ms: 13167.678675
  type: 'test'
  ...
# Subtest: combination sales unit with two 1 L bottles consumes two containers and half the sales-unit throughput
ok 21 - combination sales unit with two 1 L bottles consumes two containers and half the sales-unit throughput
  ---
  duration_ms: 1.878008
  type: 'test'
  ...
# Subtest: provisional carton switch separates conditional output and baseline, preserves identity and stock
ok 22 - provisional carton switch separates conditional output and baseline, preserves identity and stock
  ---
  duration_ms: 3.193724
  type: 'test'
  ...
# Subtest: purchase proposals aggregate shared materials and count cartons, not bottles
ok 23 - purchase proposals aggregate shared materials and count cartons, not bottles
  ---
  duration_ms: 3.451891
  type: 'test'
  ...
# Subtest: hypothetical buying has honest lead dates and cannot enable production before receipt
ok 24 - hypothetical buying has honest lead dates and cannot enable production before receipt
  ---
  duration_ms: 1.677331
  type: 'test'
  ...
# Subtest: partial valuation keeps known subtotal and unknown remainder without false target attainment
ok 25 - partial valuation keeps known subtotal and unknown remainder without false target attainment
  ---
  duration_ms: 0.727841
  type: 'test'
  ...
# Subtest: other-company OMS collision is quarantined while projected and exact demand stay distinct
ok 26 - other-company OMS collision is quarantined while projected and exact demand stay distinct
  ---
  duration_ms: 1.062948
  type: 'test'
  ...
# Subtest: source loader marks last-good retained response stale and preserves its original dates
ok 27 - source loader marks last-good retained response stale and preserves its original dates
  ---
  duration_ms: 83.513101
  type: 'test'
  ...
# Subtest: source loader refuses fresh-green presentation when stock stamp is old
ok 28 - source loader refuses fresh-green presentation when stock stamp is old
  ---
  duration_ms: 19.786245
  type: 'test'
  ...
# Subtest: source loader network failure falls back to dated seed, not fabricated live data
ok 29 - source loader network failure falls back to dated seed, not fabricated live data
  ---
  duration_ms: 125.057719
  type: 'test'
  ...
# Subtest: cross-day product change charges setup while same-product continuation does not
ok 30 - cross-day product change charges setup while same-product continuation does not
  ---
  duration_ms: 1.108337
  type: 'test'
  ...
# Subtest: verified session labour charges an occupied session once, including short campaigns
ok 31 - verified session labour charges an occupied session once, including short campaigns
  ---
  duration_ms: 4.931784
  type: 'test'
  ...
# (node:2288802) [MODULE_TYPELESS_PACKAGE_JSON] Warning: Module type of file:///root/mark4-astha/live-board-qa/app/tests/material-supply.test.ts is not specified and it doesn't parse as CommonJS.
# Reparsing as ES module because module syntax was detected. This incurs a performance overhead.
# To eliminate this warning, add "type": "module" to /root/mark4-astha/live-board-qa/app/package.json.
# (Use `node --trace-warnings ...` to show where the warning was created)
# Subtest: new existing PO unlocks filling on its usable day, never on truck arrival or old legacy data
ok 32 - new existing PO unlocks filling on its usable day, never on truck arrival or old legacy data
  ---
  duration_ms: 52.838623
  type: 'test'
  ...
# Subtest: supplier delay, short quantity and cancellation each change the future plan
ok 33 - supplier delay, short quantity and cancellation each change the future plan
  ---
  duration_ms: 26.460751
  type: 'test'
  ...
# Subtest: new vendor without delivery evidence stays an actionable unknown, not a promised receipt
ok 34 - new vendor without delivery evidence stays an actionable unknown, not a promised receipt
  ---
  duration_ms: 18.30813
  type: 'test'
  ...
# Subtest: recorded usable dates still schedule future commitments; historical estimates do not
ok 35 - recorded usable dates still schedule future commitments; historical estimates do not
  ---
  duration_ms: 15.820879
  type: 'test'
  ...
# Subtest: QC accepted but inclusion unresolved cannot be added by either mode or a manual date
ok 36 - QC accepted but inclusion unresolved cannot be added by either mode or a manual date
  ---
  duration_ms: 23.383328
  type: 'test'
  ...
# Subtest: received stock is counted once and duplicate physical lot identity rejects input
ok 37 - received stock is counted once and duplicate physical lot identity rejects input
  ---
  duration_ms: 9.90934
  type: 'test'
  ...
# Subtest: legacy scenario defaults to expected supply without enabling hypothetical new purchases
ok 38 - legacy scenario defaults to expected supply without enabling hypothetical new purchases
  ---
  duration_ms: 0.267907
  type: 'test'
  ...
# Subtest: overdue dates and unsupported oil units never silently become usable today
ok 39 - overdue dates and unsupported oil units never silently become usable today
  ---
  duration_ms: 3.563436
  type: 'test'
  ...
# Subtest: reconciled supply ignores saved hypothetical purchase switches
ok 40 - reconciled supply ignores saved hypothetical purchase switches
  ---
  duration_ms: 3.750814
  type: 'test'
  ...
# Subtest: equivalent unit spelling cannot bypass lot quantity conservation
ok 41 - equivalent unit spelling cannot bypass lot quantity conservation
  ---
  duration_ms: 0.584053
  type: 'test'
  ...
# Subtest: physical child lots cannot exceed the outstanding parent PO
ok 42 - physical child lots cannot exceed the outstanding parent PO
  ---
  duration_ms: 0.315435
  type: 'test'
  ...
# Subtest: availability before an order is an invalid source chronology
ok 43 - availability before an order is an invalid source chronology
  ---
  duration_ms: 0.242587
  type: 'test'
  ...
# Subtest: changed PO content invalidates API model cache even when source timestamp and revision are unchanged
ok 44 - changed PO content invalidates API model cache even when source timestamp and revision are unchanged
  ---
  duration_ms: 0.89602
  type: 'test'
  ...
# Subtest: historical posted receipts do not consume an open PO outstanding balance twice
ok 45 - historical posted receipts do not consume an open PO outstanding balance twice
  ---
  duration_ms: 19.766362
  type: 'test'
  ...
# Subtest: a sparse historical sample cannot promise a production restart
ok 46 - a sparse historical sample cannot promise a production restart
  ---
  duration_ms: 11.961275
  type: 'test'
  ...
# Subtest: old accepted-unposted or QC-pending history keeps its physical stage without consuming future PO balance
ok 47 - old accepted-unposted or QC-pending history keeps its physical stage without consuming future PO balance
  ---
  duration_ms: 8.137773
  type: 'test'
  ...
# Subtest: non-piece packaging keeps its normalized source unit for stock and future supply
ok 48 - non-piece packaging keeps its normalized source unit for stock and future supply
  ---
  duration_ms: 3.524986
  type: 'test'
  ...
# Subtest: purchasing withholds an exact buy quantity when an issued PO may overlap stock
ok 49 - purchasing withholds an exact buy quantity when an issued PO may overlap stock
  ---
  duration_ms: 2.839145
  type: 'test'
  ...
# Subtest: split expected receipts are not credited again in procurement alongside their source PO
ok 50 - split expected receipts are not credited again in procurement alongside their source PO
  ---
  duration_ms: 4.775921
  type: 'test'
  ...
# Subtest: unlinked EXIM and contract overlap withholds a confident new purchase quantity
ok 51 - unlinked EXIM and contract overlap withholds a confident new purchase quantity
  ---
  duration_ms: 3.21526
  type: 'test'
  ...
# Subtest: linked accepted-unposted stock overlap does not claim a zero new-purchase need
ok 52 - linked accepted-unposted stock overlap does not claim a zero new-purchase need
  ---
  duration_ms: 5.525213
  type: 'test'
  ...
# Subtest: fully reconciled undated PO remains purchasing coverage without becoming production stock
ok 53 - fully reconciled undated PO remains purchasing coverage without becoming production stock
  ---
  duration_ms: 3.932672
  type: 'test'
  ...
# (node:2288803) [MODULE_TYPELESS_PACKAGE_JSON] Warning: Module type of file:///root/mark4-astha/live-board-qa/app/tests/model-edge.test.ts is not specified and it doesn't parse as CommonJS.
# Reparsing as ES module because module syntax was detected. This incurs a performance overhead.
# To eliminate this warning, add "type": "module" to /root/mark4-astha/live-board-qa/app/package.json.
# (Use `node --trace-warnings ...` to show where the warning was created)
# Subtest: scenario validation rejects expensive/unrecognized dimensions and canonicalizes floats
ok 54 - scenario validation rejects expensive/unrecognized dimensions and canonicalizes floats
  ---
  duration_ms: 1.901488
  type: 'test'
  ...
# Subtest: body reader counts streamed bytes and cancels once limit is crossed
ok 55 - body reader counts streamed bytes and cancels once limit is crossed
  ---
  duration_ms: 24.365336
  type: 'test'
  ...
# Subtest: input validation refuses absent stock/coverage and unsupported model versions
ok 56 - input validation refuses absent stock/coverage and unsupported model versions
  ---
  duration_ms: 3.19897
  type: 'test'
  ...
# Subtest: no-night scenario emits exact zero night hours, including fractional-rate runs
ok 57 - no-night scenario emits exact zero night hours, including fractional-rate runs
  ---
  duration_ms: 1942.371457
  type: 'test'
  ...
# Subtest: changing product across dates costs setup; continuing the same product does not
ok 58 - changing product across dates costs setup; continuing the same product does not
  ---
  duration_ms: 1.828078
  type: 'test'
  ...
# Subtest: legacy saved scenarios migrate speed while retaining unrelated preferences and recalculating identically
ok 59 - legacy saved scenarios migrate speed while retaining unrelated preferences and recalculating identically
  ---
  duration_ms: 44393.028619
  type: 'test'
  ...
# (node:2288870) [MODULE_TYPELESS_PACKAGE_JSON] Warning: Module type of file:///root/mark4-astha/live-board-qa/app/tests/revision-evidence.test.ts is not specified and it doesn't parse as CommonJS.
# Reparsing as ES module because module syntax was detected. This incurs a performance overhead.
# To eliminate this warning, add "type": "module" to /root/mark4-astha/live-board-qa/app/package.json.
# (Use `node --trace-warnings ...` to show where the warning was created)
# Subtest: actual daily value uses independent SKU compositions and exposes every price line
ok 60 - actual daily value uses independent SKU compositions and exposes every price line
  ---
  duration_ms: 1.654659
  type: 'test'
  ...
# Subtest: positive MES without per-SKU coverage is unvalued; observed zero stays zero
ok 61 - positive MES without per-SKU coverage is unvalued; observed zero stays zero
  ---
  duration_ms: 0.279136
  type: 'test'
  ...
# Subtest: composition mismatch cannot be passed off as a fully valued production total
ok 62 - composition mismatch cannot be passed off as a fully valued production total
  ---
  duration_ms: 0.284307
  type: 'test'
  ...
# Subtest: recorded labour is a covered run subtotal, never manufactured into a session rate
ok 63 - recorded labour is a covered run subtotal, never manufactured into a session rate
  ---
  duration_ms: 23.090463
  type: 'test'
  ...
# Subtest: overdue unexpired non-plan demand is scheduled; later-due and expired demand is not forced into this month
ok 64 - overdue unexpired non-plan demand is scheduled; later-due and expired demand is not forced into this month
  ---
  duration_ms: 8.33793
  type: 'test'
  ...
# Subtest: terminal order states stay out while partial fulfilment remains active
ok 65 - terminal order states stay out while partial fulfilment remains active
  ---
  duration_ms: 0.207568
  type: 'test'
  ...
# Subtest: gross source book stays independent of plan, stock netting and accepted-versus-requested quantities
ok 66 - gross source book stays independent of plan, stock netting and accepted-versus-requested quantities
  ---
  duration_ms: 2.235733
  type: 'test'
  ...
# Subtest: outside-Oil demand is separate from unmapped demand and unreadable active headers prevent a complete total
ok 67 - outside-Oil demand is separate from unmapped demand and unreadable active headers prevent a complete total
  ---
  duration_ms: 22.420811
  type: 'test'
  ...
# Subtest: real dated commitments unlock production while QC/received/undated/overdue entries remain explicit
ok 68 - real dated commitments unlock production while QC/received/undated/overdue entries remain explicit
  ---
  duration_ms: 3.588867
  type: 'test'
  ...
# Subtest: estimated issued PO dates are conditional commitments, not new purchase toggles
ok 69 - estimated issued PO dates are conditional commitments, not new purchase toggles
  ---
  duration_ms: 0.425024
  type: 'test'
  ...
# Subtest: assumed delivery dates unlock existing undated commitments only from the selected day
ok 70 - assumed delivery dates unlock existing undated commitments only from the selected day
  ---
  duration_ms: 30.345155
  type: 'test'
  ...
# Subtest: unknown, received, stock-included and out-of-horizon dates cannot create material
ok 71 - unknown, received, stock-included and out-of-horizon dates cannot create material
  ---
  duration_ms: 1.877187
  type: 'test'
  ...
# Subtest: incoming identities deduplicate once and conflicting quantities fail validation
ok 72 - incoming identities deduplicate once and conflicting quantities fail validation
  ---
  duration_ms: 0.274237
  type: 'test'
  ...
# Subtest: source 1L demand cannot inflate into inherited FG0000328 200L drums
ok 73 - source 1L demand cannot inflate into inherited FG0000328 200L drums
  ---
  duration_ms: 1.108267
  type: 'test'
  ...
# Subtest: same-pack unverified oil identity cannot consume FG or become a real order
ok 74 - same-pack unverified oil identity cannot consume FG or become a real order
  ---
  duration_ms: 0.77714
  type: 'test'
  ...
# Subtest: current factory conflicts also hold forecast recipes and inherited actual prices
ok 75 - current factory conflicts also hold forecast recipes and inherited actual prices
  ---
  duration_ms: 1.208465
  type: 'test'
  ...
# Subtest: mapped Oil demand cannot exceed the independent accepted due book
ok 76 - mapped Oil demand cannot exceed the independent accepted due book
  ---
  duration_ms: 2.886465
  type: 'test'
  ...
# (node:2288900) [MODULE_TYPELESS_PACKAGE_JSON] Warning: Module type of file:///root/mark4-astha/live-board-qa/app/tests/shift-board.test.ts is not specified and it doesn't parse as CommonJS.
# Reparsing as ES module because module syntax was detected. This incurs a performance overhead.
# To eliminate this warning, add "type": "module" to /root/mark4-astha/live-board-qa/app/package.json.
# (Use `node --trace-warnings ...` to show where the warning was created)
# Subtest: fresh factory poll supports a long-running campaign; event age is not poll age
ok 77 - fresh factory poll supports a long-running campaign; event age is not poll age
  ---
  duration_ms: 41.411812
  type: 'test'
  ...
# Subtest: stale, failed, future and yesterday factory snapshots never give categorical advice
ok 78 - stale, failed, future and yesterday factory snapshots never give categorical advice
  ---
  duration_ms: 18.30235
  type: 'test'
  ...
# Subtest: multiple active segments and conflicting coverage cannot verify; future event is rejected
ok 79 - multiple active segments and conflicting coverage cannot verify; future event is rejected
  ---
  duration_ms: 15.420285
  type: 'test'
  ...
# Subtest: similar product names and different carton SKU never establish identity
ok 80 - similar product names and different carton SKU never establish identity
  ---
  duration_ms: 4.98567
  type: 'test'
  ...
# Subtest: finished daily baseline quantity prevents suggesting its full-day run again
ok 81 - finished daily baseline quantity prevents suggesting its full-day run again
  ---
  duration_ms: 2.122704
  type: 'test'
  ...
# Subtest: only observed production on this line and today counts against saved progress
ok 82 - only observed production on this line and today counts against saved progress
  ---
  duration_ms: 4.194531
  type: 'test'
  ...
# Subtest: future arrivals and simulated same-day dispatch never fund ready-now advice
ok 83 - future arrivals and simulated same-day dispatch never fund ready-now advice
  ---
  duration_ms: 19.381377
  type: 'test'
  ...
# Subtest: recommendations share the material ledger rather than each spending the same stock
ok 84 - recommendations share the material ledger rather than each spending the same stock
  ---
  duration_ms: 13.447679
  type: 'test'
  ...
# Subtest: malformed factory data, duplicate lines/runs and NaN quantities are rejected
ok 85 - malformed factory data, duplicate lines/runs and NaN quantities are rejected
  ---
  duration_ms: 0.79563
  type: 'test'
  ...
# Subtest: refresh failures retain bytes but immediately invalidate displayed advice; clocks expire in-tab
ok 86 - refresh failures retain bytes but immediately invalidate displayed advice; clocks expire in-tab
  ---
  duration_ms: 1.67715
  type: 'test'
  ...
# Subtest: IST midnight discards yesterday baseline and never claims yesterday as today
ok 87 - IST midnight discards yesterday baseline and never claims yesterday as today
  ---
  duration_ms: 2.257442
  type: 'test'
  ...
# Subtest: shared daily baseline is immutable under input, scenario and competing capture changes
ok 88 - shared daily baseline is immutable under input, scenario and competing capture changes
  ---
  duration_ms: 43.340449
  type: 'test'
  ...
# Subtest: overdue orders already covered by FG do not trigger an urgent changeover
ok 89 - overdue orders already covered by FG do not trigger an urgent changeover
  ---
  duration_ms: 9.98263
  type: 'test'
  ...
# Subtest: quarantined/expired/forecast raw orders cannot manufacture urgency
ok 90 - quarantined/expired/forecast raw orders cannot manufacture urgency
  ---
  duration_ms: 14.318078
  type: 'test'
  ...
# Subtest: two lines cannot both promise the same remaining SKU demand
ok 91 - two lines cannot both promise the same remaining SKU demand
  ---
  duration_ms: 1.499381
  type: 'test'
  ...
# Subtest: broken and unreported machines cannot reserve materials ahead of healthy lines
ok 92 - broken and unreported machines cannot reserve materials ahead of healthy lines
  ---
  duration_ms: 12.164514
  type: 'test'
  ...
# Subtest: midshift first capture counts only post-save production; legacy captures do not subtract earlier output
ok 93 - midshift first capture counts only post-save production; legacy captures do not subtract earlier output
  ---
  duration_ms: 6.548892
  type: 'test'
  ...
# Subtest: a complete midnight read with no recorded runs establishes zero counters without claiming idle
ok 94 - a complete midnight read with no recorded runs establishes zero counters without claiming idle
  ---
  duration_ms: 1.910167
  type: 'test'
  ...
# Subtest: saved counter validation rejects missing lines, duplicate runs and malformed quantities
ok 95 - saved counter validation rejects missing lines, duplicate runs and malformed quantities
  ---
  duration_ms: 7.707507
  type: 'test'
  ...
1..95
# tests 95
# suites 0
# pass 95
# fail 0
# cancelled 0
# skipped 0
# todo 0
# duration_ms 46741.250215
